// Jest Snapshot v1, https://goo.gl/fbAQLP

exports[`controlsComponent should be rendered correctly 1`] = `"<main><section class=\\"controls-section\\"><div class=\\"controls-wrapper\\"><button class=\\"prev-page-button button disabled\\" type=\\"button\\" data-page=\\"0\\"><i class=\\"fas fa-caret-left\\"></i><span class=\\"prev-page\\">0</span></button><button class=\\"curr-page-button button\\" type=\\"button\\" data-page=\\"1\\">1</button><button class=\\"next-page-button button\\" type=\\"button\\" data-page=\\"2\\"><span class=\\"next-page\\">2</span><i class=\\"fas fa-caret-right\\"></i></button></div></section></main>"`;
