// Jest Snapshot v1, https://goo.gl/fbAQLP

exports[`controlsComponent should be rendered correctly if controls already added to the page 1`] = `"<main><section class=\\"controls-section\\"><div class=\\"controls\\"><button class=\\"controls__button controls__button_prev controls__button_state_disabled\\" type=\\"button\\" data-page=\\"0\\"><i class=\\"fas fa-caret-left\\"></i><span class=\\"controls__prev-control-content\\">0</span></button><button class=\\"controls__button controls__button_curr\\" type=\\"button\\" data-page=\\"1\\">1</button><button class=\\"controls__button controls__button_next\\" type=\\"button\\" data-page=\\"2\\"><span class=\\"controls__next-control-content\\">2</span><i class=\\"fas fa-caret-right\\"></i></button></div></section></main>"`;

exports[`controlsComponent should be rendered correctly if controls aren't added to the page 1`] = `"<main><section class=\\"controls-section\\"><div class=\\"controls\\"><button class=\\"controls__button controls__button_prev controls__button_state_disabled\\" type=\\"button\\" data-page=\\"0\\"><i class=\\"fas fa-caret-left\\"></i><span class=\\"controls__prev-control-content\\">0</span></button><button class=\\"controls__button controls__button_curr\\" type=\\"button\\" data-page=\\"1\\">1</button><button class=\\"controls__button controls__button_next\\" type=\\"button\\" data-page=\\"2\\"><span class=\\"controls__next-control-content\\">2</span><i class=\\"fas fa-caret-right\\"></i></button></div></section></main>"`;
